acer@B350AM4-M MINGW64 ~
$ cd d:

acer@B350AM4-M MINGW64 /d
$ git config --global user.name "sarthak\"
>
> git config --global user.name "sarthak\"

acer@B350AM4-M MINGW64 /d
$ git config --global user.name "sarthak"

acer@B350AM4-M MINGW64 /d
$ git config --global user.email "negi42249@gmail.com"

acer@B350AM4-M MINGW64 /d
$ git init
Initialized empty Git repository in D:/.git/

acer@B350AM4-M MINGW64 /d (master)
$ git clone https://github.com/sandipkumar5316/sandeep.git
Cloning into 'sandeep'...
remote: Enumerating objects: 6, done.
remote: Counting objects: 100% (6/6), done.
remote: Compressing objects: 100% (3/3), done.
remote: Total 6 (delta 0), reused 0 (delta 0), pack-reused 0
Unpacking objects: 100% (6/6), done.

acer@B350AM4-M MINGW64 /d (master)
$ cd sandeep

acer@B350AM4-M MINGW64 /d/sandeep (master)
$ git staus
git: 'staus' is not a git command. See 'git --help'.

The most similar command is
        status

acer@B350AM4-M MINGW64 /d/sandeep (master)
$ git status
On branch master
Your branch is up to date with 'origin/master'.

Untracked files:
  (use "git add <file>..." to include in what will be committed)

        test.1.txt
        test.2.txt

nothing added to commit but untracked files present (use "git add" to track)

acer@B350AM4-M MINGW64 /d/sandeep (master)
$ git add test.1.txt

acer@B350AM4-M MINGW64 /d/sandeep (master)
$ git staus
git: 'staus' is not a git command. See 'git --help'.

The most similar command is
        status

acer@B350AM4-M MINGW64 /d/sandeep (master)
$ git status
On branch master
Your branch is up to date with 'origin/master'.

Changes to be committed:
  (use "git reset HEAD <file>..." to unstage)

        new file:   test.1.txt

Untracked files:
  (use "git add <file>..." to include in what will be committed)

        test.2.txt


acer@B350AM4-M MINGW64 /d/sandeep (master)
$ git add test.2.txt

acer@B350AM4-M MINGW64 /d/sandeep (master)
$ git commit -m "test1 and 2 added"
[master 4e71786] test1 and 2 added
 2 files changed, 2 insertions(+)
 create mode 100644 test.1.txt
 create mode 100644 test.2.txt

acer@B350AM4-M MINGW64 /d/sandeep (master)
$ git push origin master
Logon failed, use ctrl+c to cancel basic credential prompt.
Username for 'https://github.com': sandipkumar5315@gmail.com
remote: Invalid username or password.
fatal: Authentication failed for 'https://github.com/sandipkumar5316/sandeep.git/'

acer@B350AM4-M MINGW64 /d/sandeep (master)
$ git push origin master
Enumerating objects: 5, done.
Counting objects: 100% (5/5), done.
Delta compression using up to 8 threads
Compressing objects: 100% (2/2), done.
Writing objects: 100% (4/4), 353 bytes | 353.00 KiB/s, done.
Total 4 (delta 0), reused 0 (delta 0)
To https://github.com/sandipkumar5316/sandeep.git
   1adbe11..4e71786  master -> master

acer@B350AM4-M MINGW64 /d/sandeep (master)
$ git status
On branch master
Your branch is up to date with 'origin/master'.

nothing to commit, working tree clean

acer@B350AM4-M MINGW64 /d/sandeep (master)
$ git status
On branch master
Your branch is up to date with 'origin/master'.

Changes not staged for commit:
  (use "git add <file>..." to update what will be committed)
  (use "git checkout -- <file>..." to discard changes in working directory)

        modified:   test.2.txt

no changes added to commit (use "git add" and/or "git commit -a")

acer@B350AM4-M MINGW64 /d/sandeep (master)
$ git add test.2.txt

acer@B350AM4-M MINGW64 /d/sandeep (master)
$ git commit -m "test2 changed"
[master a1bc3d6] test2 changed
 1 file changed, 1 insertion(+), 1 deletion(-)

acer@B350AM4-M MINGW64 /d/sandeep (master)
$ git push origin master
Enumerating objects: 5, done.
Counting objects: 100% (5/5), done.
Delta compression using up to 8 threads
Compressing objects: 100% (2/2), done.
Writing objects: 100% (3/3), 256 bytes | 256.00 KiB/s, done.
Total 3 (delta 1), reused 0 (delta 0)
remote: Resolving deltas: 100% (1/1), completed with 1 local object.
To https://github.com/sandipkumar5316/sandeep.git
   4e71786..a1bc3d6  master -> master

